[Licensing::Module] Trying to connect to existing licensing client channel...
Built from '6000.0/staging' branch; Version is '6000.0.62f1 (f99f05b3e950) revision 16359173'; Using compiler version '193933523'; Build Type 'Release'
OS: 'Windows 10  (10.0.19045) 64bit Professional' Language: 'ru' Physical Memory: 7934 MB
BatchMode: 1, IsHumanControllingUs: 0, StartBugReporterOnCrash: 0, Is64bit: 1
Date: 2026-03-08T09:55:55Z
[Licensing::IpcConnector] Successfully connected to: "LicenseClient-renat" at "2026-03-08T09:55:55.3098677Z"

COMMAND LINE ARGUMENTS:
D:\Unity 6\6000.0.62f1\Editor\Unity.exe
-adb2
-batchMode
-noUpm
-name
AssetImportWorker0
-projectPath
D:/SNAKERC
-logFile
Logs/AssetImportWorker0.log
-srvPort
57249
-licensingIpc
LicenseClient-renat
-job-worker-count
1
-background-job-worker-count
8
-gc-helper-count
1
-name
AssetImport
Successfully changed project path to: D:/SNAKERC
D:/SNAKERC
[UnityMemory] Configuration Parameters - Can be set up in boot.config
    "memorysetup-bucket-allocator-granularity=16"
    "memorysetup-bucket-allocator-bucket-count=8"
    "memorysetup-bucket-allocator-block-size=33554432"
    "memorysetup-bucket-allocator-block-count=8"
    "memorysetup-main-allocator-block-size=16777216"
    "memorysetup-thread-allocator-block-size=16777216"
    "memorysetup-gfx-main-allocator-block-size=16777216"
    "memorysetup-gfx-thread-allocator-block-size=16777216"
    "memorysetup-cache-allocator-block-size=4194304"
    "memorysetup-typetree-allocator-block-size=2097152"
    "memorysetup-profiler-bucket-allocator-granularity=16"
    "memorysetup-profiler-bucket-allocator-bucket-count=8"
    "memorysetup-profiler-bucket-allocator-block-size=33554432"
    "memorysetup-profiler-bucket-allocator-block-count=8"
    "memorysetup-profiler-allocator-block-size=16777216"
    "memorysetup-profiler-editor-allocator-block-size=1048576"
    "memorysetup-temp-allocator-size-main=16777216"
    "memorysetup-job-temp-allocator-block-size=2097152"
    "memorysetup-job-temp-allocator-block-size-background=1048576"
    "memorysetup-job-temp-allocator-reduction-small-platforms=262144"
    "memorysetup-allocator-temp-initial-block-size-main=262144"
    "memorysetup-allocator-temp-initial-block-size-worker=262144"
    "memorysetup-temp-allocator-size-background-worker=32768"
    "memorysetup-temp-allocator-size-job-worker=262144"
    "memorysetup-temp-allocator-size-preload-manager=33554432"
    "memorysetup-temp-allocator-size-nav-mesh-worker=65536"
    "memorysetup-temp-allocator-size-audio-worker=65536"
    "memorysetup-temp-allocator-size-cloud-worker=32768"
    "memorysetup-temp-allocator-size-gi-baking-worker=262144"
    "memorysetup-temp-allocator-size-gi-baking-worker=262144"
    "memorysetup-temp-allocator-size-gi-baking-worker=262144"
    "memorysetup-temp-allocator-size-gi-baking-worker=262144"
    "memorysetup-temp-allocator-size-gi-baking-worker=262144"
    "memorysetup-temp-allocator-size-gfx=262144"
Player connection [1036]  Target information:

Player connection [1036]  * "[IP] 172.27.160.1 [Port] 0 [Flags] 2 [Guid] 1813079476 [EditorId] 1813079476 [Version] 1048832 [Id] WindowsEditor(7,DESKTOP-V66KUMO) [Debug] 1 [PackageName] WindowsEditor [ProjectName] Editor" 

Player connection [1036]  * "[IP] 172.31.144.1 [Port] 0 [Flags] 2 [Guid] 1813079476 [EditorId] 1813079476 [Version] 1048832 [Id] WindowsEditor(7,DESKTOP-V66KUMO) [Debug] 1 [PackageName] WindowsEditor [ProjectName] Editor" 

Player connection [1036]  * "[IP] 10.34.200.198 [Port] 0 [Flags] 2 [Guid] 1813079476 [EditorId] 1813079476 [Version] 1048832 [Id] WindowsEditor(7,DESKTOP-V66KUMO) [Debug] 1 [PackageName] WindowsEditor [ProjectName] Editor" 

Player connection [1036]  * "[IP] 192.168.0.107 [Port] 0 [Flags] 2 [Guid] 1813079476 [EditorId] 1813079476 [Version] 1048832 [Id] WindowsEditor(7,DESKTOP-V66KUMO) [Debug] 1 [PackageName] WindowsEditor [ProjectName] Editor" 

Player connection [1036] Host joined multi-casting on [225.0.0.222:54997]...
Player connection [1036] Host joined alternative multi-casting on [225.0.0.222:34997]...
JobSystem: Creating JobQueue using job-worker-count value 1
Input System module state changed to: Initialized.
[Licensing::Client] Code 10 while verifying Licensing Client signature (process Id: 32212, path: "D:/Program Files/Unity Hub/UnityLicensingClient_V1/Unity.Licensing.Client.exe")
[Licensing::Module] LicensingClient has failed validation; ignoring
[Licensing::Client] Error: HandshakeResponse reported an error:
	ResponseCode: 505
	ResponseStatus: Unsupported protocol version '1.17.2'.
[Licensing::Module] Error: Failed to handshake to channel: "LicenseClient-renat"
[Licensing::IpcConnector] LicenseClient-renat channel disconnected successfully.
[Licensing::IpcConnector] Successfully connected to: "LicenseClient-renat-6000.0.62" at "2026-03-08T09:55:55.5149646Z"
[Physics::Module] Initialized fallback backend.
[Physics::Module] Id: 0xdecafbad
[Licensing::Client] Code 10 while verifying Licensing Client signature (process Id: 28100, path: "D:/Unity 6/6000.0.62f1/Editor/Data/Resources/Licensing/Client/Unity.Licensing.Client.exe")
[Licensing::Module] LicensingClient has failed validation; ignoring
[Licensing::Client] Handshaking with LicensingClient:
  Version:                 1.17.2+ff71f16
  Session Id:              60b6269bf2544ff4974cf184bee69e63
  Correlation Id:          0dbc743a62b256ed723b11cf3aff9edc
  External correlation Id: 8530148946069297151
  Machine Id:              Q8BK4pi7fB+2e4AndGAI45xnM4U=
[Licensing::Module] Successfully connected to LicensingClient on channel: "LicenseClient-renat-6000.0.62" (connect: 0.00s, validation: 0.01s, handshake: 0.05s)
[Licensing::IpcConnector] Successfully connected to: "LicenseClient-renat-6000.0.62-notifications" at "2026-03-08T09:55:55.5678492Z"
[Licensing::Module] Licensing Background thread has ended after 0.26s
Library Redirect Path: Library/
[Physics::Module] Selected backend.
[Physics::Module] Name: PhysX
[Physics::Module] Id: 0xf2b8ea05
[Physics::Module] SDK Version: 4.1.2
[Physics::Module] Integration Version: 1.0.0
[Physics::Module] Threading Mode: Multi-Threaded
Refreshing native plugins compatible for Editor in 71.84 ms, found 2 plugins.
Preloading 0 native plugins for Editor in 0.00 ms.
Initialize engine version: 6000.0.62f1 (f99f05b3e950)
[Subsystems] Discovering subsystems at path D:/Unity 6/6000.0.62f1/Editor/Data/Resources/UnitySubsystems
[Subsystems] Discovering subsystems at path D:/SNAKERC/Assets
GfxDevice: creating device client; kGfxThreadingModeNonThreaded
Direct3D:
    Version:  Direct3D 11.0 [level 11.1]
    Renderer: Intel(R) UHD Graphics (ID=0x9a78)
    Vendor:   Intel
    VRAM:     3967 MB
    Driver:   30.0.101.1371
Initialize mono
Mono path[0] = 'D:/Unity 6/6000.0.62f1/Editor/Data/Managed'
Mono path[1] = 'D:/Unity 6/6000.0.62f1/Editor/Data/MonoBleedingEdge/lib/mono/unityjit-win32'
Mono config path = 'D:/Unity 6/6000.0.62f1/Editor/Data/MonoBleedingEdge/etc'
Using monoOptions --debugger-agent=transport=dt_socket,embedding=1,server=y,suspend=n,address=127.0.0.1:56456
Begin MonoManager ReloadAssembly
Registering precompiled unity dll's ...
Register platform support module: D:/Unity 6/6000.0.62f1/Editor/Data/PlaybackEngines/WindowsStandaloneSupport/UnityEditor.WindowsStandalone.Extensions.dll
Register platform support module: D:/Unity 6/6000.0.62f1/Editor/Data/PlaybackEngines/LinuxStandaloneSupport/UnityEditor.LinuxStandalone.Extensions.dll
Registered in 0.005118 seconds.
- Loaded All Assemblies, in  2.899 seconds
Native extension for LinuxStandalone target not found
Native extension for WindowsStandalone target not found
Mono: successfully reloaded assembly
- Finished resetting the current domain, in  0.470 seconds
Domain Reload Profiling: 3368ms
	BeginReloadAssembly (699ms)
		ExecutionOrderSort (0ms)
		DisableScriptedObjects (0ms)
		BackupInstance (0ms)
		ReleaseScriptingObjects (0ms)
		CreateAndSetChildDomain (1ms)
	RebuildCommonClasses (409ms)
	RebuildNativeTypeToScriptingClass (20ms)
	initialDomainReloadingComplete (66ms)
	LoadAllAssembliesAndSetupDomain (1704ms)
		LoadAssemblies (698ms)
		RebuildTransferFunctionScriptingTraits (0ms)
		AnalyzeDomain (1699ms)
			TypeCache.Refresh (1696ms)
				TypeCache.ScanAssembly (1212ms)
			BuildScriptInfoCaches (0ms)
			ResolveRequiredComponents (1ms)
	FinalizeReload (470ms)
		ReleaseScriptCaches (0ms)
		RebuildScriptCaches (0ms)
		SetupLoadedEditorAssemblies (412ms)
			LogAssemblyErrors (0ms)
			InitializePlatformSupportModulesInManaged (40ms)
			SetLoadedEditorAssemblies (5ms)
			BeforeProcessingInitializeOnLoad (79ms)
			ProcessInitializeOnLoadAttributes (212ms)
			ProcessInitializeOnLoadMethodAttributes (75ms)
			AfterProcessingInitializeOnLoad (0ms)
			EditorAssembliesLoaded (0ms)
		ExecutionOrderSort2 (0ms)
		AwakeInstancesAfterBackupRestoration (0ms)
========================================================================
Worker process is ready to serve import requests
Import Worker Mode flag is 0x00
Begin MonoManager ReloadAssembly
[Licensing::Client] Successfully resolved entitlement details
[Licensing::Module] License group:
  Id: 10171356504994-UnityPersXXXX
  Product: Unity Personal
  Type: Assigned
  Expiration: Unlimited
Symbol file LoadedFromMemory is not a mono symbol file
- Loaded All Assemblies, in  3.479 seconds
Refreshing native plugins compatible for Editor in 2.99 ms, found 2 plugins.
Missing types referenced from component UniversalRenderPipelineGlobalSettings on game object UniversalRenderPipelineGlobalSettings:
	UnityEngine.Rendering.LightmapSamplingSettings, Unity.RenderPipelines.Core.Runtime (1 object)
	UnityEngine.Rendering.RenderingDebuggerRuntimeResources, Unity.RenderPipelines.Core.Runtime (1 object)
	UnityEngine.Rendering.VrsRenderPipelineRuntimeResources, Unity.RenderPipelines.Core.Runtime (1 object)
Native extension for LinuxStandalone target not found
Native extension for WindowsStandalone target not found
Package Manager log level set to [2]
[Package Manager] Failed to launch server process. Reason: Unity was launched with the -noUpm command-line argument
[Package Manager] Unable to send message (not connected to server process).
[Package Manager] Cannot connect to Unity Package Manager local server
Mono: successfully reloaded assembly
- Finished resetting the current domain, in  2.212 seconds
Domain Reload Profiling: 5688ms
	BeginReloadAssembly (300ms)
		ExecutionOrderSort (0ms)
		DisableScriptedObjects (17ms)
		BackupInstance (0ms)
		ReleaseScriptingObjects (0ms)
		CreateAndSetChildDomain (44ms)
	RebuildCommonClasses (44ms)
	RebuildNativeTypeToScriptingClass (17ms)
	initialDomainReloadingComplete (46ms)
	LoadAllAssembliesAndSetupDomain (3068ms)
		LoadAssemblies (2631ms)
		RebuildTransferFunctionScriptingTraits (0ms)
		AnalyzeDomain (599ms)
			TypeCache.Refresh (514ms)
				TypeCache.ScanAssembly (491ms)
			BuildScriptInfoCaches (60ms)
			ResolveRequiredComponents (18ms)
	FinalizeReload (2212ms)
		ReleaseScriptCaches (0ms)
		RebuildScriptCaches (0ms)
		SetupLoadedEditorAssemblies (985ms)
			LogAssemblyErrors (0ms)
			InitializePlatformSupportModulesInManaged (5ms)
			SetLoadedEditorAssemblies (8ms)
			BeforeProcessingInitializeOnLoad (175ms)
			ProcessInitializeOnLoadAttributes (712ms)
			ProcessInitializeOnLoadMethodAttributes (80ms)
			AfterProcessingInitializeOnLoad (5ms)
			EditorAssembliesLoaded (0ms)
		ExecutionOrderSort2 (0ms)
		AwakeInstancesAfterBackupRestoration (10ms)
Launched and connected shader compiler UnityShaderCompiler.exe after 0.05 seconds
Refreshing native plugins compatible for Editor in 1.86 ms, found 2 plugins.
Preloading 0 native plugins for Editor in 0.00 ms.
Unloading 25 Unused Serialized files (Serialized files now loaded: 0)
Unloading 5635 unused Assets / (6.1 MB). Loaded Objects now: 6384.
Memory consumption went from 131.1 MB to 124.9 MB.
Total: 20.240600 ms (FindLiveObjects: 2.960000 ms CreateObjectMapping: 1.173900 ms MarkObjects: 8.654400 ms  DeleteObjects: 7.450200 ms)

========================================================================
Received Import Request.
  Time since last request: 2160013.501564 seconds.
  path: Assets/Scripts/BootManager.cs
  artifactKey: Guid(46b4b00a3dd081d4c8718c2bf313ee53) Importer(2089858483,192608db42251d675da83286b1cce702)
Start importing Assets/Scripts/BootManager.cs using Guid(46b4b00a3dd081d4c8718c2bf313ee53) Importer(2089858483,192608db42251d675da83286b1cce702) (ScriptedImporter) -> (artifact id: '31584d0bc21a52c4f726da6274c983a0') in 0.2869039 seconds
Number of updated asset objects reloaded before import = 0Number of asset objects unloaded after import = 0

========================================================================
Received Import Request.
  Time since last request: 0.000030 seconds.
  path: Assets/Scenes/SetupEnv0.unity
  artifactKey: Guid(09b2b3374062eb9428f864d5243d0980) Importer(2089858483,192608db42251d675da83286b1cce702)
Start importing Assets/Scenes/SetupEnv0.unity using Guid(09b2b3374062eb9428f864d5243d0980) Importer(2089858483,192608db42251d675da83286b1cce702) (ScriptedImporter) -> (artifact id: '67032d9a796f38575037e7b674ebe624') in 0.0342137 seconds
Number of updated asset objects reloaded before import = 0Number of asset objects unloaded after import = 1

========================================================================
Received Import Request.
  Time since last request: 0.000038 seconds.
  path: Assets/Scripts/CoreGameManager.cs
  artifactKey: Guid(ba3cb667adb5ba04497676390b6ff1e8) Importer(2089858483,192608db42251d675da83286b1cce702)
Start importing Assets/Scripts/CoreGameManager.cs using Guid(ba3cb667adb5ba04497676390b6ff1e8) Importer(2089858483,192608db42251d675da83286b1cce702) (ScriptedImporter) -> (artifact id: '352bfcff26ddb7bd2d35bd011431fca6') in 0.0169163 seconds
Number of updated asset objects reloaded before import = 0Number of asset objects unloaded after import = 0

========================================================================
Received Import Request.
  Time since last request: 0.000030 seconds.
  path: Assets/Scenes/BootBeta.unity
  artifactKey: Guid(047613ba94d1339429d45f6ac0f79e73) Importer(2089858483,192608db42251d675da83286b1cce702)
Start importing Assets/Scenes/BootBeta.unity using Guid(047613ba94d1339429d45f6ac0f79e73) Importer(2089858483,192608db42251d675da83286b1cce702) (ScriptedImporter) -> (artifact id: 'f140ca10a841d476030f3ebc507e7888') in 0.0296605 seconds
Number of updated asset objects reloaded before import = 0Number of asset objects unloaded after import = 1

========================================================================
Received Import Request.
  Time since last request: 0.000022 seconds.
  path: Assets/Scenes/MainMenu.unity
  artifactKey: Guid(968c314be9ecdbd47a633c621c2655e4) Importer(2089858483,192608db42251d675da83286b1cce702)
Start importing Assets/Scenes/MainMenu.unity using Guid(968c314be9ecdbd47a633c621c2655e4) Importer(2089858483,192608db42251d675da83286b1cce702) (ScriptedImporter) -> (artifact id: '9580a87ad26268cbc176527ebae5bd0c') in 0.0313875 seconds
Number of updated asset objects reloaded before import = 0Number of asset objects unloaded after import = 1

========================================================================
Received Import Request.
  Time since last request: 0.000026 seconds.
  path: Assets/Scripts/SetupManager.cs
  artifactKey: Guid(ec2aa81461a53604ca12bd1c5c0ca839) Importer(2089858483,192608db42251d675da83286b1cce702)
Start importing Assets/Scripts/SetupManager.cs using Guid(ec2aa81461a53604ca12bd1c5c0ca839) Importer(2089858483,192608db42251d675da83286b1cce702) (ScriptedImporter) -> (artifact id: 'f007194bb61770e16061a37db3c004c0') in 0.0206683 seconds
Number of updated asset objects reloaded before import = 0Number of asset objects unloaded after import = 0

